// Jest Snapshot v1, https://goo.gl/fbAQLP

exports[`Render página de login carrega a página 1`] = `
<div>
  
    
  <section
    class="login"
  >
    
      
    <div
      class="logo"
    >
      
        
      <img
        alt="logo da  página"
        class="img-logo"
        src="../img/Logo.jpeg"
      />
      
      
    </div>
    
      
    <form
      class="order-login"
    >
      
        
      <div>
        
          
        <input
          class="input-login"
          id="inputEmail"
          placeholder="Email"
          type="email"
        />
        
        
      </div>
      
        
      <div>
        
          
        <input
          class="input-login"
          id="inputSenha"
          placeholder="Senha"
          type="password"
        />
        
        
      </div>
      
          
      <button
        class="btn-Login"
        id="btnEmail"
      >
        Login
      </button>
      
          
      <p
        class="login-com"
      >
         Ou faça login com...
      </p>
      
      
    </form>
    
      
    <div
      class="outros-logins"
    >
      
        
      <button
        class="btn-Google"
        id="btnGoogle"
      >
        Google
      </button>
      
        
      <button
        class="btn-Facebook"
        id="btnFacebook"
      >
        Facebook
      </button>
      
      
    </div>
    
      
    <div
      <button=""
      class="criar-conta"
      id="criarCadastro"
    >
      Não é membro? Criar conta
      
    </div>
    
    
  </section>
  
  
</div>
`;
