// Jest Snapshot v1, https://goo.gl/fbAQLP

exports[`Render página de login carrega a página 1`] = `
<div>
  
    
  <section
    class="login"
  >
    
      
    <img
      alt="logo da  página"
      class="img-logo"
      src="../img/Logo.jpeg"
    />
    
      
    <form>
      
        
      <div>
        
          
        <input
          id="inputEmail"
          placeholder="Email"
          type="email"
        />
        
        
      </div>
      
        
      <div>
        
          
        <input
          id="inputSenha"
          placeholder="Senha"
          type="password"
        />
        
        
      </div>
      
          
      <button
        id="btnEmail"
      >
        Entrar
      </button>
      
          
      <p>
         Ou entre com...
      </p>
      
      
    </form>
    
      
    <button
      id="btnGoogle"
    >
      Google
    </button>
    
      
    <button
      id="btnFacebook"
    >
      Facebook
    </button>
    
      
    <p>
      Não tem uma conta?
    </p>
    <p>
      
      
      <button
        class="link"
        id="criarCadastro"
      >
        Cadastre-se
      </button>
      

      
    
    </p>
  </section>
  
  
</div>
`;
